2024-12-15T01:21:13.2589814Z ##[group]Run aquasecurity/trivy-action@0.28.0
2024-12-15T01:21:13.2590352Z with:
2024-12-15T01:21:13.2590612Z   image-ref: likosik500/zadanie_2:sha-56ae470
2024-12-15T01:21:13.2590947Z   format: table
2024-12-15T01:21:13.2591318Z   ignore-unfixed: true
2024-12-15T01:21:13.2591572Z   severity: CRITICAL,HIGH
2024-12-15T01:21:13.2591872Z   scan-type: image
2024-12-15T01:21:13.2592237Z   scan-ref: .
2024-12-15T01:21:13.2592502Z   vuln-type: os,library
2024-12-15T01:21:13.2592886Z   cache-dir: /home/runner/work/zadanie_2_dodatkowe/zadanie_2_dodatkowe/.cache/trivy
2024-12-15T01:21:13.2593459Z   list-all-pkgs: false
2024-12-15T01:21:13.2593744Z   version: v0.56.1
2024-12-15T01:21:13.2594255Z   cache: true
2024-12-15T01:21:13.2594491Z env:
2024-12-15T01:21:13.2594739Z   REGISTRY: docker.io
2024-12-15T01:21:13.2595086Z   IMAGE_NAME: zadanie_2
2024-12-15T01:21:13.2595628Z   DOCKER_METADATA_OUTPUT_VERSION: sha-56ae470
2024-12-15T01:21:13.2596033Z   DOCKER_METADATA_OUTPUT_TAGS: likosik500/zadanie_2:sha-56ae470
2024-12-15T01:21:13.2598153Z   DOCKER_METADATA_OUTPUT_LABELS: org.opencontainers.image.created=2024-12-15T01:20:39.092Z
org.opencontainers.image.description=
org.opencontainers.image.licenses=
org.opencontainers.image.revision=56ae4708b2ef2eb1a0377740f8a2e47bc728109b
org.opencontainers.image.source=https://github.com/lukaszlikos/zadanie_2_dodatkowe
org.opencontainers.image.title=zadanie_2_dodatkowe
org.opencontainers.image.url=https://github.com/lukaszlikos/zadanie_2_dodatkowe
org.opencontainers.image.version=sha-56ae470
2024-12-15T01:21:13.2601816Z   DOCKER_METADATA_OUTPUT_ANNOTATIONS: manifest:org.opencontainers.image.created=2024-12-15T01:20:39.092Z
manifest:org.opencontainers.image.description=
manifest:org.opencontainers.image.licenses=
manifest:org.opencontainers.image.revision=56ae4708b2ef2eb1a0377740f8a2e47bc728109b
manifest:org.opencontainers.image.source=https://github.com/lukaszlikos/zadanie_2_dodatkowe
manifest:org.opencontainers.image.title=zadanie_2_dodatkowe
manifest:org.opencontainers.image.url=https://github.com/lukaszlikos/zadanie_2_dodatkowe
manifest:org.opencontainers.image.version=sha-56ae470
2024-12-15T01:21:13.2607562Z   DOCKER_METADATA_OUTPUT_JSON: {"tags":["likosik500/zadanie_2:sha-56ae470"],"labels":{"org.opencontainers.image.created":"2024-12-15T01:20:39.092Z","org.opencontainers.image.description":"","org.opencontainers.image.licenses":"","org.opencontainers.image.revision":"56ae4708b2ef2eb1a0377740f8a2e47bc728109b","org.opencontainers.image.source":"https://github.com/lukaszlikos/zadanie_2_dodatkowe","org.opencontainers.image.title":"zadanie_2_dodatkowe","org.opencontainers.image.url":"https://github.com/lukaszlikos/zadanie_2_dodatkowe","org.opencontainers.image.version":"sha-56ae470"},"annotations":["manifest:org.opencontainers.image.created=2024-12-15T01:20:39.092Z","manifest:org.opencontainers.image.description=","manifest:org.opencontainers.image.licenses=","manifest:org.opencontainers.image.revision=56ae4708b2ef2eb1a0377740f8a2e47bc728109b","manifest:org.opencontainers.image.source=https://github.com/lukaszlikos/zadanie_2_dodatkowe","manifest:org.opencontainers.image.title=zadanie_2_dodatkowe","manifest:org.opencontainers.image.url=https://github.com/lukaszlikos/zadanie_2_dodatkowe","manifest:org.opencontainers.image.version=sha-56ae470"]}
2024-12-15T01:21:13.2611989Z   DOCKER_METADATA_OUTPUT_BAKE_FILE_TAGS: /home/runner/work/_temp/docker-actions-toolkit-19PflO/docker-metadata-action-bake-tags.json
2024-12-15T01:21:13.2612999Z   DOCKER_METADATA_OUTPUT_BAKE_FILE_LABELS: /home/runner/work/_temp/docker-actions-toolkit-19PflO/docker-metadata-action-bake-labels.json
2024-12-15T01:21:13.2614016Z   DOCKER_METADATA_OUTPUT_BAKE_FILE_ANNOTATIONS: /home/runner/work/_temp/docker-actions-toolkit-19PflO/docker-metadata-action-bake-annotations.json
2024-12-15T01:21:13.2614949Z   DOCKER_METADATA_OUTPUT_BAKE_FILE: /home/runner/work/_temp/docker-actions-toolkit-19PflO/docker-metadata-action-bake.json
2024-12-15T01:21:13.2615620Z ##[endgroup]
2024-12-15T01:21:13.2725930Z ##[group]Run aquasecurity/setup-trivy@v0.2.1
2024-12-15T01:21:13.2726631Z with:
2024-12-15T01:21:13.2726869Z   version: v0.56.1
2024-12-15T01:21:13.2727156Z   cache: true
2024-12-15T01:21:13.2727512Z   path: $HOME/.local/bin
2024-12-15T01:21:13.2727814Z env:
2024-12-15T01:21:13.2728010Z   REGISTRY: docker.io
2024-12-15T01:21:13.2728378Z   IMAGE_NAME: zadanie_2
2024-12-15T01:21:13.2728712Z   DOCKER_METADATA_OUTPUT_VERSION: sha-56ae470
2024-12-15T01:21:13.2729189Z   DOCKER_METADATA_OUTPUT_TAGS: likosik500/zadanie_2:sha-56ae470
2024-12-15T01:21:13.2731100Z   DOCKER_METADATA_OUTPUT_LABELS: org.opencontainers.image.created=2024-12-15T01:20:39.092Z
org.opencontainers.image.description=
org.opencontainers.image.licenses=
org.opencontainers.image.revision=56ae4708b2ef2eb1a0377740f8a2e47bc728109b
org.opencontainers.image.source=https://github.com/lukaszlikos/zadanie_2_dodatkowe
org.opencontainers.image.title=zadanie_2_dodatkowe
org.opencontainers.image.url=https://github.com/lukaszlikos/zadanie_2_dodatkowe
org.opencontainers.image.version=sha-56ae470
2024-12-15T01:21:13.2734940Z   DOCKER_METADATA_OUTPUT_ANNOTATIONS: manifest:org.opencontainers.image.created=2024-12-15T01:20:39.092Z
manifest:org.opencontainers.image.description=
manifest:org.opencontainers.image.licenses=
manifest:org.opencontainers.image.revision=56ae4708b2ef2eb1a0377740f8a2e47bc728109b
manifest:org.opencontainers.image.source=https://github.com/lukaszlikos/zadanie_2_dodatkowe
manifest:org.opencontainers.image.title=zadanie_2_dodatkowe
manifest:org.opencontainers.image.url=https://github.com/lukaszlikos/zadanie_2_dodatkowe
manifest:org.opencontainers.image.version=sha-56ae470
2024-12-15T01:21:13.2740626Z   DOCKER_METADATA_OUTPUT_JSON: {"tags":["likosik500/zadanie_2:sha-56ae470"],"labels":{"org.opencontainers.image.created":"2024-12-15T01:20:39.092Z","org.opencontainers.image.description":"","org.opencontainers.image.licenses":"","org.opencontainers.image.revision":"56ae4708b2ef2eb1a0377740f8a2e47bc728109b","org.opencontainers.image.source":"https://github.com/lukaszlikos/zadanie_2_dodatkowe","org.opencontainers.image.title":"zadanie_2_dodatkowe","org.opencontainers.image.url":"https://github.com/lukaszlikos/zadanie_2_dodatkowe","org.opencontainers.image.version":"sha-56ae470"},"annotations":["manifest:org.opencontainers.image.created=2024-12-15T01:20:39.092Z","manifest:org.opencontainers.image.description=","manifest:org.opencontainers.image.licenses=","manifest:org.opencontainers.image.revision=56ae4708b2ef2eb1a0377740f8a2e47bc728109b","manifest:org.opencontainers.image.source=https://github.com/lukaszlikos/zadanie_2_dodatkowe","manifest:org.opencontainers.image.title=zadanie_2_dodatkowe","manifest:org.opencontainers.image.url=https://github.com/lukaszlikos/zadanie_2_dodatkowe","manifest:org.opencontainers.image.version=sha-56ae470"]}
2024-12-15T01:21:13.2745278Z   DOCKER_METADATA_OUTPUT_BAKE_FILE_TAGS: /home/runner/work/_temp/docker-actions-toolkit-19PflO/docker-metadata-action-bake-tags.json
2024-12-15T01:21:13.2746328Z   DOCKER_METADATA_OUTPUT_BAKE_FILE_LABELS: /home/runner/work/_temp/docker-actions-toolkit-19PflO/docker-metadata-action-bake-labels.json
2024-12-15T01:21:13.2747335Z   DOCKER_METADATA_OUTPUT_BAKE_FILE_ANNOTATIONS: /home/runner/work/_temp/docker-actions-toolkit-19PflO/docker-metadata-action-bake-annotations.json
2024-12-15T01:21:13.2748261Z   DOCKER_METADATA_OUTPUT_BAKE_FILE: /home/runner/work/_temp/docker-actions-toolkit-19PflO/docker-metadata-action-bake.json
2024-12-15T01:21:13.2748955Z ##[endgroup]
2024-12-15T01:21:13.2780559Z ##[group]Run echo "dir=$HOME/.local/bin/trivy-bin" >> $GITHUB_OUTPUT
2024-12-15T01:21:13.2781178Z [36;1mecho "dir=$HOME/.local/bin/trivy-bin" >> $GITHUB_OUTPUT[0m
2024-12-15T01:21:13.2884672Z shell: /usr/bin/bash --noprofile --norc -e -o pipefail {0}
2024-12-15T01:21:13.2885097Z env:
2024-12-15T01:21:13.2885473Z   REGISTRY: docker.io
2024-12-15T01:21:13.2885771Z   IMAGE_NAME: zadanie_2
2024-12-15T01:21:13.2886105Z   DOCKER_METADATA_OUTPUT_VERSION: sha-56ae470
2024-12-15T01:21:13.2886631Z   DOCKER_METADATA_OUTPUT_TAGS: likosik500/zadanie_2:sha-56ae470
2024-12-15T01:21:13.2888839Z   DOCKER_METADATA_OUTPUT_LABELS: org.opencontainers.image.created=2024-12-15T01:20:39.092Z
org.opencontainers.image.description=
org.opencontainers.image.licenses=
org.opencontainers.image.revision=56ae4708b2ef2eb1a0377740f8a2e47bc728109b
org.opencontainers.image.source=https://github.com/lukaszlikos/zadanie_2_dodatkowe
org.opencontainers.image.title=zadanie_2_dodatkowe
org.opencontainers.image.url=https://github.com/lukaszlikos/zadanie_2_dodatkowe
org.opencontainers.image.version=sha-56ae470
2024-12-15T01:21:13.2892567Z   DOCKER_METADATA_OUTPUT_ANNOTATIONS: manifest:org.opencontainers.image.created=2024-12-15T01:20:39.092Z
manifest:org.opencontainers.image.description=
manifest:org.opencontainers.image.licenses=
manifest:org.opencontainers.image.revision=56ae4708b2ef2eb1a0377740f8a2e47bc728109b
manifest:org.opencontainers.image.source=https://github.com/lukaszlikos/zadanie_2_dodatkowe
manifest:org.opencontainers.image.title=zadanie_2_dodatkowe
manifest:org.opencontainers.image.url=https://github.com/lukaszlikos/zadanie_2_dodatkowe
manifest:org.opencontainers.image.version=sha-56ae470
2024-12-15T01:21:13.2898376Z   DOCKER_METADATA_OUTPUT_JSON: {"tags":["likosik500/zadanie_2:sha-56ae470"],"labels":{"org.opencontainers.image.created":"2024-12-15T01:20:39.092Z","org.opencontainers.image.description":"","org.opencontainers.image.licenses":"","org.opencontainers.image.revision":"56ae4708b2ef2eb1a0377740f8a2e47bc728109b","org.opencontainers.image.source":"https://github.com/lukaszlikos/zadanie_2_dodatkowe","org.opencontainers.image.title":"zadanie_2_dodatkowe","org.opencontainers.image.url":"https://github.com/lukaszlikos/zadanie_2_dodatkowe","org.opencontainers.image.version":"sha-56ae470"},"annotations":["manifest:org.opencontainers.image.created=2024-12-15T01:20:39.092Z","manifest:org.opencontainers.image.description=","manifest:org.opencontainers.image.licenses=","manifest:org.opencontainers.image.revision=56ae4708b2ef2eb1a0377740f8a2e47bc728109b","manifest:org.opencontainers.image.source=https://github.com/lukaszlikos/zadanie_2_dodatkowe","manifest:org.opencontainers.image.title=zadanie_2_dodatkowe","manifest:org.opencontainers.image.url=https://github.com/lukaszlikos/zadanie_2_dodatkowe","manifest:org.opencontainers.image.version=sha-56ae470"]}
2024-12-15T01:21:13.2902798Z   DOCKER_METADATA_OUTPUT_BAKE_FILE_TAGS: /home/runner/work/_temp/docker-actions-toolkit-19PflO/docker-metadata-action-bake-tags.json
2024-12-15T01:21:13.2903776Z   DOCKER_METADATA_OUTPUT_BAKE_FILE_LABELS: /home/runner/work/_temp/docker-actions-toolkit-19PflO/docker-metadata-action-bake-labels.json
2024-12-15T01:21:13.2905168Z   DOCKER_METADATA_OUTPUT_BAKE_FILE_ANNOTATIONS: /home/runner/work/_temp/docker-actions-toolkit-19PflO/docker-metadata-action-bake-annotations.json
2024-12-15T01:21:13.2906240Z   DOCKER_METADATA_OUTPUT_BAKE_FILE: /home/runner/work/_temp/docker-actions-toolkit-19PflO/docker-metadata-action-bake.json
2024-12-15T01:21:13.2906843Z ##[endgroup]
2024-12-15T01:21:13.3078980Z ##[group]Run actions/cache@v4
2024-12-15T01:21:13.3079381Z with:
2024-12-15T01:21:13.3079670Z   path: /home/runner/.local/bin/trivy-bin
2024-12-15T01:21:13.3080008Z   key: trivy-binary-v0.56.1-Linux-X64
2024-12-15T01:21:13.3080403Z   enableCrossOsArchive: false
2024-12-15T01:21:13.3080725Z   fail-on-cache-miss: false
2024-12-15T01:21:13.3081020Z   lookup-only: false
2024-12-15T01:21:13.3081390Z   save-always: false
2024-12-15T01:21:13.3081625Z env:
2024-12-15T01:21:13.3081857Z   REGISTRY: docker.io
2024-12-15T01:21:13.3082231Z   IMAGE_NAME: zadanie_2
2024-12-15T01:21:13.3082511Z   DOCKER_METADATA_OUTPUT_VERSION: sha-56ae470
2024-12-15T01:21:13.3082917Z   DOCKER_METADATA_OUTPUT_TAGS: likosik500/zadanie_2:sha-56ae470
2024-12-15T01:21:13.3085135Z   DOCKER_METADATA_OUTPUT_LABELS: org.opencontainers.image.created=2024-12-15T01:20:39.092Z
org.opencontainers.image.description=
org.opencontainers.image.licenses=
org.opencontainers.image.revision=56ae4708b2ef2eb1a0377740f8a2e47bc728109b
org.opencontainers.image.source=https://github.com/lukaszlikos/zadanie_2_dodatkowe
org.opencontainers.image.title=zadanie_2_dodatkowe
org.opencontainers.image.url=https://github.com/lukaszlikos/zadanie_2_dodatkowe
org.opencontainers.image.version=sha-56ae470
2024-12-15T01:21:13.3088961Z   DOCKER_METADATA_OUTPUT_ANNOTATIONS: manifest:org.opencontainers.image.created=2024-12-15T01:20:39.092Z
manifest:org.opencontainers.image.description=
manifest:org.opencontainers.image.licenses=
manifest:org.opencontainers.image.revision=56ae4708b2ef2eb1a0377740f8a2e47bc728109b
manifest:org.opencontainers.image.source=https://github.com/lukaszlikos/zadanie_2_dodatkowe
manifest:org.opencontainers.image.title=zadanie_2_dodatkowe
manifest:org.opencontainers.image.url=https://github.com/lukaszlikos/zadanie_2_dodatkowe
manifest:org.opencontainers.image.version=sha-56ae470
2024-12-15T01:21:13.3094699Z   DOCKER_METADATA_OUTPUT_JSON: {"tags":["likosik500/zadanie_2:sha-56ae470"],"labels":{"org.opencontainers.image.created":"2024-12-15T01:20:39.092Z","org.opencontainers.image.description":"","org.opencontainers.image.licenses":"","org.opencontainers.image.revision":"56ae4708b2ef2eb1a0377740f8a2e47bc728109b","org.opencontainers.image.source":"https://github.com/lukaszlikos/zadanie_2_dodatkowe","org.opencontainers.image.title":"zadanie_2_dodatkowe","org.opencontainers.image.url":"https://github.com/lukaszlikos/zadanie_2_dodatkowe","org.opencontainers.image.version":"sha-56ae470"},"annotations":["manifest:org.opencontainers.image.created=2024-12-15T01:20:39.092Z","manifest:org.opencontainers.image.description=","manifest:org.opencontainers.image.licenses=","manifest:org.opencontainers.image.revision=56ae4708b2ef2eb1a0377740f8a2e47bc728109b","manifest:org.opencontainers.image.source=https://github.com/lukaszlikos/zadanie_2_dodatkowe","manifest:org.opencontainers.image.title=zadanie_2_dodatkowe","manifest:org.opencontainers.image.url=https://github.com/lukaszlikos/zadanie_2_dodatkowe","manifest:org.opencontainers.image.version=sha-56ae470"]}
2024-12-15T01:21:13.3099295Z   DOCKER_METADATA_OUTPUT_BAKE_FILE_TAGS: /home/runner/work/_temp/docker-actions-toolkit-19PflO/docker-metadata-action-bake-tags.json
2024-12-15T01:21:13.3100335Z   DOCKER_METADATA_OUTPUT_BAKE_FILE_LABELS: /home/runner/work/_temp/docker-actions-toolkit-19PflO/docker-metadata-action-bake-labels.json
2024-12-15T01:21:13.3101308Z   DOCKER_METADATA_OUTPUT_BAKE_FILE_ANNOTATIONS: /home/runner/work/_temp/docker-actions-toolkit-19PflO/docker-metadata-action-bake-annotations.json
2024-12-15T01:21:13.3102239Z   DOCKER_METADATA_OUTPUT_BAKE_FILE: /home/runner/work/_temp/docker-actions-toolkit-19PflO/docker-metadata-action-bake.json
2024-12-15T01:21:13.3102915Z ##[endgroup]
2024-12-15T01:21:13.5312434Z Cache not found for input keys: trivy-binary-v0.56.1-Linux-X64
2024-12-15T01:21:13.5426527Z ##[group]Run actions/checkout@v4
2024-12-15T01:21:13.5426878Z with:
2024-12-15T01:21:13.5427166Z   repository: aquasecurity/trivy
2024-12-15T01:21:13.5427545Z   sparse-checkout: contrib/install.sh

2024-12-15T01:21:13.5427902Z   sparse-checkout-cone-mode: false
2024-12-15T01:21:13.5428302Z   path: trivy
2024-12-15T01:21:13.5428550Z   fetch-depth: 1
2024-12-15T01:21:13.5428959Z   token: ***
2024-12-15T01:21:13.5429323Z   ssh-strict: true
2024-12-15T01:21:13.5429596Z   ssh-user: git
2024-12-15T01:21:13.5429844Z   persist-credentials: true
2024-12-15T01:21:13.5430231Z   clean: true
2024-12-15T01:21:13.5430492Z   fetch-tags: false
2024-12-15T01:21:13.5430770Z   show-progress: true
2024-12-15T01:21:13.5431109Z   lfs: false
2024-12-15T01:21:13.5431370Z   submodules: false
2024-12-15T01:21:13.5431635Z   set-safe-directory: true
2024-12-15T01:21:13.5431989Z env:
2024-12-15T01:21:13.5432244Z   REGISTRY: docker.io
2024-12-15T01:21:13.5432511Z   IMAGE_NAME: zadanie_2
2024-12-15T01:21:13.5432924Z   DOCKER_METADATA_OUTPUT_VERSION: sha-56ae470
2024-12-15T01:21:13.5433321Z   DOCKER_METADATA_OUTPUT_TAGS: likosik500/zadanie_2:sha-56ae470
2024-12-15T01:21:13.5435293Z   DOCKER_METADATA_OUTPUT_LABELS: org.opencontainers.image.created=2024-12-15T01:20:39.092Z
org.opencontainers.image.description=
org.opencontainers.image.licenses=
org.opencontainers.image.revision=56ae4708b2ef2eb1a0377740f8a2e47bc728109b
org.opencontainers.image.source=https://github.com/lukaszlikos/zadanie_2_dodatkowe
org.opencontainers.image.title=zadanie_2_dodatkowe
org.opencontainers.image.url=https://github.com/lukaszlikos/zadanie_2_dodatkowe
org.opencontainers.image.version=sha-56ae470
2024-12-15T01:21:13.5439221Z   DOCKER_METADATA_OUTPUT_ANNOTATIONS: manifest:org.opencontainers.image.created=2024-12-15T01:20:39.092Z
manifest:org.opencontainers.image.description=
manifest:org.opencontainers.image.licenses=
manifest:org.opencontainers.image.revision=56ae4708b2ef2eb1a0377740f8a2e47bc728109b
manifest:org.opencontainers.image.source=https://github.com/lukaszlikos/zadanie_2_dodatkowe
manifest:org.opencontainers.image.title=zadanie_2_dodatkowe
manifest:org.opencontainers.image.url=https://github.com/lukaszlikos/zadanie_2_dodatkowe
manifest:org.opencontainers.image.version=sha-56ae470
2024-12-15T01:21:13.5445104Z   DOCKER_METADATA_OUTPUT_JSON: {"tags":["likosik500/zadanie_2:sha-56ae470"],"labels":{"org.opencontainers.image.created":"2024-12-15T01:20:39.092Z","org.opencontainers.image.description":"","org.opencontainers.image.licenses":"","org.opencontainers.image.revision":"56ae4708b2ef2eb1a0377740f8a2e47bc728109b","org.opencontainers.image.source":"https://github.com/lukaszlikos/zadanie_2_dodatkowe","org.opencontainers.image.title":"zadanie_2_dodatkowe","org.opencontainers.image.url":"https://github.com/lukaszlikos/zadanie_2_dodatkowe","org.opencontainers.image.version":"sha-56ae470"},"annotations":["manifest:org.opencontainers.image.created=2024-12-15T01:20:39.092Z","manifest:org.opencontainers.image.description=","manifest:org.opencontainers.image.licenses=","manifest:org.opencontainers.image.revision=56ae4708b2ef2eb1a0377740f8a2e47bc728109b","manifest:org.opencontainers.image.source=https://github.com/lukaszlikos/zadanie_2_dodatkowe","manifest:org.opencontainers.image.title=zadanie_2_dodatkowe","manifest:org.opencontainers.image.url=https://github.com/lukaszlikos/zadanie_2_dodatkowe","manifest:org.opencontainers.image.version=sha-56ae470"]}
2024-12-15T01:21:13.5449567Z   DOCKER_METADATA_OUTPUT_BAKE_FILE_TAGS: /home/runner/work/_temp/docker-actions-toolkit-19PflO/docker-metadata-action-bake-tags.json
2024-12-15T01:21:13.5450530Z   DOCKER_METADATA_OUTPUT_BAKE_FILE_LABELS: /home/runner/work/_temp/docker-actions-toolkit-19PflO/docker-metadata-action-bake-labels.json
2024-12-15T01:21:13.5451606Z   DOCKER_METADATA_OUTPUT_BAKE_FILE_ANNOTATIONS: /home/runner/work/_temp/docker-actions-toolkit-19PflO/docker-metadata-action-bake-annotations.json
2024-12-15T01:21:13.5452594Z   DOCKER_METADATA_OUTPUT_BAKE_FILE: /home/runner/work/_temp/docker-actions-toolkit-19PflO/docker-metadata-action-bake.json
2024-12-15T01:21:13.5453172Z ##[endgroup]
2024-12-15T01:21:13.6360469Z Syncing repository: aquasecurity/trivy
2024-12-15T01:21:13.6365907Z ##[group]Getting Git version info
2024-12-15T01:21:13.6367254Z Working directory is '/home/runner/work/zadanie_2_dodatkowe/zadanie_2_dodatkowe/trivy'
2024-12-15T01:21:13.6407182Z [command]/usr/bin/git version
2024-12-15T01:21:13.6445519Z git version 2.47.1
2024-12-15T01:21:13.6470578Z ##[endgroup]
2024-12-15T01:21:13.6483605Z Temporarily overriding HOME='/home/runner/work/_temp/1f5e4291-a38f-4315-a23e-2d3e152d7c30' before making global git config changes
2024-12-15T01:21:13.6485033Z Adding repository directory to the temporary git global config as a safe directory
2024-12-15T01:21:13.6497929Z [command]/usr/bin/git config --global --add safe.directory /home/runner/work/zadanie_2_dodatkowe/zadanie_2_dodatkowe/trivy
2024-12-15T01:21:13.6529970Z ##[group]Initializing the repository
2024-12-15T01:21:13.6535341Z [command]/usr/bin/git init /home/runner/work/zadanie_2_dodatkowe/zadanie_2_dodatkowe/trivy
2024-12-15T01:21:13.6576261Z hint: Using 'master' as the name for the initial branch. This default branch name
2024-12-15T01:21:13.6577382Z hint: is subject to change. To configure the initial branch name to use in all
2024-12-15T01:21:13.6578568Z hint: of your new repositories, which will suppress this warning, call:
2024-12-15T01:21:13.6579192Z hint:
2024-12-15T01:21:13.6579781Z hint: 	git config --global init.defaultBranch <name>
2024-12-15T01:21:13.6580391Z hint:
2024-12-15T01:21:13.6580922Z hint: Names commonly chosen instead of 'master' are 'main', 'trunk' and
2024-12-15T01:21:13.6581725Z hint: 'development'. The just-created branch can be renamed via this command:
2024-12-15T01:21:13.6582173Z hint:
2024-12-15T01:21:13.6582417Z hint: 	git branch -m <name>
2024-12-15T01:21:13.6583051Z Initialized empty Git repository in /home/runner/work/zadanie_2_dodatkowe/zadanie_2_dodatkowe/trivy/.git/
2024-12-15T01:21:13.6588746Z [command]/usr/bin/git remote add origin https://github.com/aquasecurity/trivy
2024-12-15T01:21:13.6618317Z ##[endgroup]
2024-12-15T01:21:13.6619202Z ##[group]Disabling automatic garbage collection
2024-12-15T01:21:13.6622682Z [command]/usr/bin/git config --local gc.auto 0
2024-12-15T01:21:13.6652643Z ##[endgroup]
2024-12-15T01:21:13.6653361Z ##[group]Setting up auth
2024-12-15T01:21:13.6658562Z [command]/usr/bin/git config --local --name-only --get-regexp core\.sshCommand
2024-12-15T01:21:13.6688133Z [command]/usr/bin/git submodule foreach --recursive sh -c "git config --local --name-only --get-regexp 'core\.sshCommand' && git config --local --unset-all 'core.sshCommand' || :"
2024-12-15T01:21:13.6925800Z [command]/usr/bin/git config --local --name-only --get-regexp http\.https\:\/\/github\.com\/\.extraheader
2024-12-15T01:21:13.6954711Z [command]/usr/bin/git submodule foreach --recursive sh -c "git config --local --name-only --get-regexp 'http\.https\:\/\/github\.com\/\.extraheader' && git config --local --unset-all 'http.https://github.com/.extraheader' || :"
2024-12-15T01:21:13.7190070Z [command]/usr/bin/git config --local http.https://github.com/.extraheader AUTHORIZATION: basic ***
2024-12-15T01:21:13.7234626Z ##[endgroup]
2024-12-15T01:21:13.7235150Z ##[group]Determining the default branch
2024-12-15T01:21:13.7237931Z Retrieving the default branch name
2024-12-15T01:21:13.9248761Z Default branch 'main'
2024-12-15T01:21:13.9249895Z ##[endgroup]
2024-12-15T01:21:13.9250567Z ##[group]Fetching the repository
2024-12-15T01:21:13.9259137Z [command]/usr/bin/git -c protocol.version=2 fetch --no-tags --prune --no-recurse-submodules --filter=blob:none --depth=1 origin +refs/heads/main:refs/remotes/origin/main
2024-12-15T01:21:14.1954605Z From https://github.com/aquasecurity/trivy
2024-12-15T01:21:14.1955394Z  * [new branch]      main       -> origin/main
2024-12-15T01:21:14.1982160Z ##[endgroup]
2024-12-15T01:21:14.1982733Z ##[group]Determining the checkout info
2024-12-15T01:21:14.1983812Z ##[endgroup]
2024-12-15T01:21:14.1984723Z ##[group]Setting up sparse checkout
2024-12-15T01:21:14.1989260Z [command]/usr/bin/git config core.sparseCheckout true
2024-12-15T01:21:14.2022037Z [command]/usr/bin/git rev-parse --git-path info/sparse-checkout
2024-12-15T01:21:14.2044818Z .git/info/sparse-checkout
2024-12-15T01:21:14.2054100Z ##[endgroup]
2024-12-15T01:21:14.2054884Z ##[group]Checking out the ref
2024-12-15T01:21:14.2058556Z [command]/usr/bin/git checkout --progress --force -B main refs/remotes/origin/main
2024-12-15T01:21:14.5751931Z Switched to a new branch 'main'
2024-12-15T01:21:14.5754146Z branch 'main' set up to track 'origin/main'.
2024-12-15T01:21:14.5760953Z ##[endgroup]
2024-12-15T01:21:14.5803799Z [command]/usr/bin/git log -1 --format=%H
2024-12-15T01:21:14.5828871Z f5e429179df1637de96962ab9c19e4336056bb5d
2024-12-15T01:21:14.6089615Z ##[group]Run echo "installing Trivy binary"
2024-12-15T01:21:14.6089936Z [36;1mecho "installing Trivy binary"[0m
2024-12-15T01:21:14.6090344Z [36;1mbash ./trivy/contrib/install.sh -b /home/runner/.local/bin/trivy-bin v0.56.1[0m
2024-12-15T01:21:14.6147096Z shell: /usr/bin/bash --noprofile --norc -e -o pipefail {0}
2024-12-15T01:21:14.6147411Z env:
2024-12-15T01:21:14.6147582Z   REGISTRY: docker.io
2024-12-15T01:21:14.6147776Z   IMAGE_NAME: zadanie_2
2024-12-15T01:21:14.6148004Z   DOCKER_METADATA_OUTPUT_VERSION: sha-56ae470
2024-12-15T01:21:14.6148536Z   DOCKER_METADATA_OUTPUT_TAGS: likosik500/zadanie_2:sha-56ae470
2024-12-15T01:21:14.6150381Z   DOCKER_METADATA_OUTPUT_LABELS: org.opencontainers.image.created=2024-12-15T01:20:39.092Z
org.opencontainers.image.description=
org.opencontainers.image.licenses=
org.opencontainers.image.revision=56ae4708b2ef2eb1a0377740f8a2e47bc728109b
org.opencontainers.image.source=https://github.com/lukaszlikos/zadanie_2_dodatkowe
org.opencontainers.image.title=zadanie_2_dodatkowe
org.opencontainers.image.url=https://github.com/lukaszlikos/zadanie_2_dodatkowe
org.opencontainers.image.version=sha-56ae470
2024-12-15T01:21:14.6153919Z   DOCKER_METADATA_OUTPUT_ANNOTATIONS: manifest:org.opencontainers.image.created=2024-12-15T01:20:39.092Z
manifest:org.opencontainers.image.description=
manifest:org.opencontainers.image.licenses=
manifest:org.opencontainers.image.revision=56ae4708b2ef2eb1a0377740f8a2e47bc728109b
manifest:org.opencontainers.image.source=https://github.com/lukaszlikos/zadanie_2_dodatkowe
manifest:org.opencontainers.image.title=zadanie_2_dodatkowe
manifest:org.opencontainers.image.url=https://github.com/lukaszlikos/zadanie_2_dodatkowe
manifest:org.opencontainers.image.version=sha-56ae470
2024-12-15T01:21:14.6159614Z   DOCKER_METADATA_OUTPUT_JSON: {"tags":["likosik500/zadanie_2:sha-56ae470"],"labels":{"org.opencontainers.image.created":"2024-12-15T01:20:39.092Z","org.opencontainers.image.description":"","org.opencontainers.image.licenses":"","org.opencontainers.image.revision":"56ae4708b2ef2eb1a0377740f8a2e47bc728109b","org.opencontainers.image.source":"https://github.com/lukaszlikos/zadanie_2_dodatkowe","org.opencontainers.image.title":"zadanie_2_dodatkowe","org.opencontainers.image.url":"https://github.com/lukaszlikos/zadanie_2_dodatkowe","org.opencontainers.image.version":"sha-56ae470"},"annotations":["manifest:org.opencontainers.image.created=2024-12-15T01:20:39.092Z","manifest:org.opencontainers.image.description=","manifest:org.opencontainers.image.licenses=","manifest:org.opencontainers.image.revision=56ae4708b2ef2eb1a0377740f8a2e47bc728109b","manifest:org.opencontainers.image.source=https://github.com/lukaszlikos/zadanie_2_dodatkowe","manifest:org.opencontainers.image.title=zadanie_2_dodatkowe","manifest:org.opencontainers.image.url=https://github.com/lukaszlikos/zadanie_2_dodatkowe","manifest:org.opencontainers.image.version=sha-56ae470"]}
2024-12-15T01:21:14.6163820Z   DOCKER_METADATA_OUTPUT_BAKE_FILE_TAGS: /home/runner/work/_temp/docker-actions-toolkit-19PflO/docker-metadata-action-bake-tags.json
2024-12-15T01:21:14.6164670Z   DOCKER_METADATA_OUTPUT_BAKE_FILE_LABELS: /home/runner/work/_temp/docker-actions-toolkit-19PflO/docker-metadata-action-bake-labels.json
2024-12-15T01:21:14.6165572Z   DOCKER_METADATA_OUTPUT_BAKE_FILE_ANNOTATIONS: /home/runner/work/_temp/docker-actions-toolkit-19PflO/docker-metadata-action-bake-annotations.json
2024-12-15T01:21:14.6166422Z   DOCKER_METADATA_OUTPUT_BAKE_FILE: /home/runner/work/_temp/docker-actions-toolkit-19PflO/docker-metadata-action-bake.json
2024-12-15T01:21:14.6166924Z ##[endgroup]
2024-12-15T01:21:14.6241047Z installing Trivy binary
2024-12-15T01:21:14.6380076Z aquasecurity/trivy info checking GitHub for tag 'v0.56.1'
2024-12-15T01:21:14.8100389Z aquasecurity/trivy info found version: 0.56.1 for v0.56.1/Linux/64bit
2024-12-15T01:21:16.5570883Z aquasecurity/trivy info installed /home/runner/.local/bin/trivy-bin/trivy
2024-12-15T01:21:16.5962249Z ##[group]Run echo /home/runner/.local/bin/trivy-bin >> $GITHUB_PATH
2024-12-15T01:21:16.5962989Z [36;1mecho /home/runner/.local/bin/trivy-bin >> $GITHUB_PATH[0m
2024-12-15T01:21:16.6044906Z shell: /usr/bin/bash --noprofile --norc -e -o pipefail {0}
2024-12-15T01:21:16.6045448Z env:
2024-12-15T01:21:16.6045725Z   REGISTRY: docker.io
2024-12-15T01:21:16.6046082Z   IMAGE_NAME: zadanie_2
2024-12-15T01:21:16.6046482Z   DOCKER_METADATA_OUTPUT_VERSION: sha-56ae470
2024-12-15T01:21:16.6047096Z   DOCKER_METADATA_OUTPUT_TAGS: likosik500/zadanie_2:sha-56ae470
2024-12-15T01:21:16.6050561Z   DOCKER_METADATA_OUTPUT_LABELS: org.opencontainers.image.created=2024-12-15T01:20:39.092Z
org.opencontainers.image.description=
org.opencontainers.image.licenses=
org.opencontainers.image.revision=56ae4708b2ef2eb1a0377740f8a2e47bc728109b
org.opencontainers.image.source=https://github.com/lukaszlikos/zadanie_2_dodatkowe
org.opencontainers.image.title=zadanie_2_dodatkowe
org.opencontainers.image.url=https://github.com/lukaszlikos/zadanie_2_dodatkowe
org.opencontainers.image.version=sha-56ae470
2024-12-15T01:21:16.6054706Z   DOCKER_METADATA_OUTPUT_ANNOTATIONS: manifest:org.opencontainers.image.created=2024-12-15T01:20:39.092Z
manifest:org.opencontainers.image.description=
manifest:org.opencontainers.image.licenses=
manifest:org.opencontainers.image.revision=56ae4708b2ef2eb1a0377740f8a2e47bc728109b
manifest:org.opencontainers.image.source=https://github.com/lukaszlikos/zadanie_2_dodatkowe
manifest:org.opencontainers.image.title=zadanie_2_dodatkowe
manifest:org.opencontainers.image.url=https://github.com/lukaszlikos/zadanie_2_dodatkowe
manifest:org.opencontainers.image.version=sha-56ae470
2024-12-15T01:21:16.6060425Z   DOCKER_METADATA_OUTPUT_JSON: {"tags":["likosik500/zadanie_2:sha-56ae470"],"labels":{"org.opencontainers.image.created":"2024-12-15T01:20:39.092Z","org.opencontainers.image.description":"","org.opencontainers.image.licenses":"","org.opencontainers.image.revision":"56ae4708b2ef2eb1a0377740f8a2e47bc728109b","org.opencontainers.image.source":"https://github.com/lukaszlikos/zadanie_2_dodatkowe","org.opencontainers.image.title":"zadanie_2_dodatkowe","org.opencontainers.image.url":"https://github.com/lukaszlikos/zadanie_2_dodatkowe","org.opencontainers.image.version":"sha-56ae470"},"annotations":["manifest:org.opencontainers.image.created=2024-12-15T01:20:39.092Z","manifest:org.opencontainers.image.description=","manifest:org.opencontainers.image.licenses=","manifest:org.opencontainers.image.revision=56ae4708b2ef2eb1a0377740f8a2e47bc728109b","manifest:org.opencontainers.image.source=https://github.com/lukaszlikos/zadanie_2_dodatkowe","manifest:org.opencontainers.image.title=zadanie_2_dodatkowe","manifest:org.opencontainers.image.url=https://github.com/lukaszlikos/zadanie_2_dodatkowe","manifest:org.opencontainers.image.version=sha-56ae470"]}
2024-12-15T01:21:16.6064964Z   DOCKER_METADATA_OUTPUT_BAKE_FILE_TAGS: /home/runner/work/_temp/docker-actions-toolkit-19PflO/docker-metadata-action-bake-tags.json
2024-12-15T01:21:16.6065822Z   DOCKER_METADATA_OUTPUT_BAKE_FILE_LABELS: /home/runner/work/_temp/docker-actions-toolkit-19PflO/docker-metadata-action-bake-labels.json
2024-12-15T01:21:16.6066732Z   DOCKER_METADATA_OUTPUT_BAKE_FILE_ANNOTATIONS: /home/runner/work/_temp/docker-actions-toolkit-19PflO/docker-metadata-action-bake-annotations.json
2024-12-15T01:21:16.6067595Z   DOCKER_METADATA_OUTPUT_BAKE_FILE: /home/runner/work/_temp/docker-actions-toolkit-19PflO/docker-metadata-action-bake.json
2024-12-15T01:21:16.6068099Z ##[endgroup]
2024-12-15T01:21:16.6171959Z ##[group]Run echo "date=$(date +'%Y-%m-%d')" >> $GITHUB_OUTPUT
2024-12-15T01:21:16.6172332Z [36;1mecho "date=$(date +'%Y-%m-%d')" >> $GITHUB_OUTPUT[0m
2024-12-15T01:21:16.6226675Z shell: /usr/bin/bash --noprofile --norc -e -o pipefail {0}
2024-12-15T01:21:16.6226987Z env:
2024-12-15T01:21:16.6227152Z   REGISTRY: docker.io
2024-12-15T01:21:16.6227353Z   IMAGE_NAME: zadanie_2
2024-12-15T01:21:16.6227587Z   DOCKER_METADATA_OUTPUT_VERSION: sha-56ae470
2024-12-15T01:21:16.6227917Z   DOCKER_METADATA_OUTPUT_TAGS: likosik500/zadanie_2:sha-56ae470
2024-12-15T01:21:16.6229772Z   DOCKER_METADATA_OUTPUT_LABELS: org.opencontainers.image.created=2024-12-15T01:20:39.092Z
org.opencontainers.image.description=
org.opencontainers.image.licenses=
org.opencontainers.image.revision=56ae4708b2ef2eb1a0377740f8a2e47bc728109b
org.opencontainers.image.source=https://github.com/lukaszlikos/zadanie_2_dodatkowe
org.opencontainers.image.title=zadanie_2_dodatkowe
org.opencontainers.image.url=https://github.com/lukaszlikos/zadanie_2_dodatkowe
org.opencontainers.image.version=sha-56ae470
2024-12-15T01:21:16.6233531Z   DOCKER_METADATA_OUTPUT_ANNOTATIONS: manifest:org.opencontainers.image.created=2024-12-15T01:20:39.092Z
manifest:org.opencontainers.image.description=
manifest:org.opencontainers.image.licenses=
manifest:org.opencontainers.image.revision=56ae4708b2ef2eb1a0377740f8a2e47bc728109b
manifest:org.opencontainers.image.source=https://github.com/lukaszlikos/zadanie_2_dodatkowe
manifest:org.opencontainers.image.title=zadanie_2_dodatkowe
manifest:org.opencontainers.image.url=https://github.com/lukaszlikos/zadanie_2_dodatkowe
manifest:org.opencontainers.image.version=sha-56ae470
2024-12-15T01:21:16.6239114Z   DOCKER_METADATA_OUTPUT_JSON: {"tags":["likosik500/zadanie_2:sha-56ae470"],"labels":{"org.opencontainers.image.created":"2024-12-15T01:20:39.092Z","org.opencontainers.image.description":"","org.opencontainers.image.licenses":"","org.opencontainers.image.revision":"56ae4708b2ef2eb1a0377740f8a2e47bc728109b","org.opencontainers.image.source":"https://github.com/lukaszlikos/zadanie_2_dodatkowe","org.opencontainers.image.title":"zadanie_2_dodatkowe","org.opencontainers.image.url":"https://github.com/lukaszlikos/zadanie_2_dodatkowe","org.opencontainers.image.version":"sha-56ae470"},"annotations":["manifest:org.opencontainers.image.created=2024-12-15T01:20:39.092Z","manifest:org.opencontainers.image.description=","manifest:org.opencontainers.image.licenses=","manifest:org.opencontainers.image.revision=56ae4708b2ef2eb1a0377740f8a2e47bc728109b","manifest:org.opencontainers.image.source=https://github.com/lukaszlikos/zadanie_2_dodatkowe","manifest:org.opencontainers.image.title=zadanie_2_dodatkowe","manifest:org.opencontainers.image.url=https://github.com/lukaszlikos/zadanie_2_dodatkowe","manifest:org.opencontainers.image.version=sha-56ae470"]}
2024-12-15T01:21:16.6243495Z   DOCKER_METADATA_OUTPUT_BAKE_FILE_TAGS: /home/runner/work/_temp/docker-actions-toolkit-19PflO/docker-metadata-action-bake-tags.json
2024-12-15T01:21:16.6244359Z   DOCKER_METADATA_OUTPUT_BAKE_FILE_LABELS: /home/runner/work/_temp/docker-actions-toolkit-19PflO/docker-metadata-action-bake-labels.json
2024-12-15T01:21:16.6245271Z   DOCKER_METADATA_OUTPUT_BAKE_FILE_ANNOTATIONS: /home/runner/work/_temp/docker-actions-toolkit-19PflO/docker-metadata-action-bake-annotations.json
2024-12-15T01:21:16.6246130Z   DOCKER_METADATA_OUTPUT_BAKE_FILE: /home/runner/work/_temp/docker-actions-toolkit-19PflO/docker-metadata-action-bake.json
2024-12-15T01:21:16.6246625Z ##[endgroup]
2024-12-15T01:21:16.6369240Z ##[group]Run actions/cache@v4
2024-12-15T01:21:16.6369459Z with:
2024-12-15T01:21:16.6369757Z   path: /home/runner/work/zadanie_2_dodatkowe/zadanie_2_dodatkowe/.cache/trivy
2024-12-15T01:21:16.6370129Z   key: cache-trivy-2024-12-15
2024-12-15T01:21:16.6370353Z   restore-keys: cache-trivy-
2024-12-15T01:21:16.6370579Z   enableCrossOsArchive: false
2024-12-15T01:21:16.6370806Z   fail-on-cache-miss: false
2024-12-15T01:21:16.6371017Z   lookup-only: false
2024-12-15T01:21:16.6371207Z   save-always: false
2024-12-15T01:21:16.6371381Z env:
2024-12-15T01:21:16.6371543Z   REGISTRY: docker.io
2024-12-15T01:21:16.6371732Z   IMAGE_NAME: zadanie_2
2024-12-15T01:21:16.6371953Z   DOCKER_METADATA_OUTPUT_VERSION: sha-56ae470
2024-12-15T01:21:16.6372293Z   DOCKER_METADATA_OUTPUT_TAGS: likosik500/zadanie_2:sha-56ae470
2024-12-15T01:21:16.6374157Z   DOCKER_METADATA_OUTPUT_LABELS: org.opencontainers.image.created=2024-12-15T01:20:39.092Z
org.opencontainers.image.description=
org.opencontainers.image.licenses=
org.opencontainers.image.revision=56ae4708b2ef2eb1a0377740f8a2e47bc728109b
org.opencontainers.image.source=https://github.com/lukaszlikos/zadanie_2_dodatkowe
org.opencontainers.image.title=zadanie_2_dodatkowe
org.opencontainers.image.url=https://github.com/lukaszlikos/zadanie_2_dodatkowe
org.opencontainers.image.version=sha-56ae470
2024-12-15T01:21:16.6377699Z   DOCKER_METADATA_OUTPUT_ANNOTATIONS: manifest:org.opencontainers.image.created=2024-12-15T01:20:39.092Z
manifest:org.opencontainers.image.description=
manifest:org.opencontainers.image.licenses=
manifest:org.opencontainers.image.revision=56ae4708b2ef2eb1a0377740f8a2e47bc728109b
manifest:org.opencontainers.image.source=https://github.com/lukaszlikos/zadanie_2_dodatkowe
manifest:org.opencontainers.image.title=zadanie_2_dodatkowe
manifest:org.opencontainers.image.url=https://github.com/lukaszlikos/zadanie_2_dodatkowe
manifest:org.opencontainers.image.version=sha-56ae470
2024-12-15T01:21:16.6383382Z   DOCKER_METADATA_OUTPUT_JSON: {"tags":["likosik500/zadanie_2:sha-56ae470"],"labels":{"org.opencontainers.image.created":"2024-12-15T01:20:39.092Z","org.opencontainers.image.description":"","org.opencontainers.image.licenses":"","org.opencontainers.image.revision":"56ae4708b2ef2eb1a0377740f8a2e47bc728109b","org.opencontainers.image.source":"https://github.com/lukaszlikos/zadanie_2_dodatkowe","org.opencontainers.image.title":"zadanie_2_dodatkowe","org.opencontainers.image.url":"https://github.com/lukaszlikos/zadanie_2_dodatkowe","org.opencontainers.image.version":"sha-56ae470"},"annotations":["manifest:org.opencontainers.image.created=2024-12-15T01:20:39.092Z","manifest:org.opencontainers.image.description=","manifest:org.opencontainers.image.licenses=","manifest:org.opencontainers.image.revision=56ae4708b2ef2eb1a0377740f8a2e47bc728109b","manifest:org.opencontainers.image.source=https://github.com/lukaszlikos/zadanie_2_dodatkowe","manifest:org.opencontainers.image.title=zadanie_2_dodatkowe","manifest:org.opencontainers.image.url=https://github.com/lukaszlikos/zadanie_2_dodatkowe","manifest:org.opencontainers.image.version=sha-56ae470"]}
2024-12-15T01:21:16.6388194Z   DOCKER_METADATA_OUTPUT_BAKE_FILE_TAGS: /home/runner/work/_temp/docker-actions-toolkit-19PflO/docker-metadata-action-bake-tags.json
2024-12-15T01:21:16.6389045Z   DOCKER_METADATA_OUTPUT_BAKE_FILE_LABELS: /home/runner/work/_temp/docker-actions-toolkit-19PflO/docker-metadata-action-bake-labels.json
2024-12-15T01:21:16.6389952Z   DOCKER_METADATA_OUTPUT_BAKE_FILE_ANNOTATIONS: /home/runner/work/_temp/docker-actions-toolkit-19PflO/docker-metadata-action-bake-annotations.json
2024-12-15T01:21:16.6390818Z   DOCKER_METADATA_OUTPUT_BAKE_FILE: /home/runner/work/_temp/docker-actions-toolkit-19PflO/docker-metadata-action-bake.json
2024-12-15T01:21:16.6391315Z ##[endgroup]
2024-12-15T01:21:16.8773543Z Cache not found for input keys: cache-trivy-2024-12-15, cache-trivy-
2024-12-15T01:21:16.8838729Z ##[group]Run echo "$GITHUB_ACTION_PATH" >> $GITHUB_PATH
2024-12-15T01:21:16.8839086Z [36;1mecho "$GITHUB_ACTION_PATH" >> $GITHUB_PATH[0m
2024-12-15T01:21:16.8894950Z shell: /usr/bin/bash --noprofile --norc -e -o pipefail {0}
2024-12-15T01:21:16.8895403Z env:
2024-12-15T01:21:16.8895572Z   REGISTRY: docker.io
2024-12-15T01:21:16.8895768Z   IMAGE_NAME: zadanie_2
2024-12-15T01:21:16.8895991Z   DOCKER_METADATA_OUTPUT_VERSION: sha-56ae470
2024-12-15T01:21:16.8896322Z   DOCKER_METADATA_OUTPUT_TAGS: likosik500/zadanie_2:sha-56ae470
2024-12-15T01:21:16.8898169Z   DOCKER_METADATA_OUTPUT_LABELS: org.opencontainers.image.created=2024-12-15T01:20:39.092Z
org.opencontainers.image.description=
org.opencontainers.image.licenses=
org.opencontainers.image.revision=56ae4708b2ef2eb1a0377740f8a2e47bc728109b
org.opencontainers.image.source=https://github.com/lukaszlikos/zadanie_2_dodatkowe
org.opencontainers.image.title=zadanie_2_dodatkowe
org.opencontainers.image.url=https://github.com/lukaszlikos/zadanie_2_dodatkowe
org.opencontainers.image.version=sha-56ae470
2024-12-15T01:21:16.8901746Z   DOCKER_METADATA_OUTPUT_ANNOTATIONS: manifest:org.opencontainers.image.created=2024-12-15T01:20:39.092Z
manifest:org.opencontainers.image.description=
manifest:org.opencontainers.image.licenses=
manifest:org.opencontainers.image.revision=56ae4708b2ef2eb1a0377740f8a2e47bc728109b
manifest:org.opencontainers.image.source=https://github.com/lukaszlikos/zadanie_2_dodatkowe
manifest:org.opencontainers.image.title=zadanie_2_dodatkowe
manifest:org.opencontainers.image.url=https://github.com/lukaszlikos/zadanie_2_dodatkowe
manifest:org.opencontainers.image.version=sha-56ae470
2024-12-15T01:21:16.8907539Z   DOCKER_METADATA_OUTPUT_JSON: {"tags":["likosik500/zadanie_2:sha-56ae470"],"labels":{"org.opencontainers.image.created":"2024-12-15T01:20:39.092Z","org.opencontainers.image.description":"","org.opencontainers.image.licenses":"","org.opencontainers.image.revision":"56ae4708b2ef2eb1a0377740f8a2e47bc728109b","org.opencontainers.image.source":"https://github.com/lukaszlikos/zadanie_2_dodatkowe","org.opencontainers.image.title":"zadanie_2_dodatkowe","org.opencontainers.image.url":"https://github.com/lukaszlikos/zadanie_2_dodatkowe","org.opencontainers.image.version":"sha-56ae470"},"annotations":["manifest:org.opencontainers.image.created=2024-12-15T01:20:39.092Z","manifest:org.opencontainers.image.description=","manifest:org.opencontainers.image.licenses=","manifest:org.opencontainers.image.revision=56ae4708b2ef2eb1a0377740f8a2e47bc728109b","manifest:org.opencontainers.image.source=https://github.com/lukaszlikos/zadanie_2_dodatkowe","manifest:org.opencontainers.image.title=zadanie_2_dodatkowe","manifest:org.opencontainers.image.url=https://github.com/lukaszlikos/zadanie_2_dodatkowe","manifest:org.opencontainers.image.version=sha-56ae470"]}
2024-12-15T01:21:16.8912176Z   DOCKER_METADATA_OUTPUT_BAKE_FILE_TAGS: /home/runner/work/_temp/docker-actions-toolkit-19PflO/docker-metadata-action-bake-tags.json
2024-12-15T01:21:16.8913031Z   DOCKER_METADATA_OUTPUT_BAKE_FILE_LABELS: /home/runner/work/_temp/docker-actions-toolkit-19PflO/docker-metadata-action-bake-labels.json
2024-12-15T01:21:16.8913931Z   DOCKER_METADATA_OUTPUT_BAKE_FILE_ANNOTATIONS: /home/runner/work/_temp/docker-actions-toolkit-19PflO/docker-metadata-action-bake-annotations.json
2024-12-15T01:21:16.8914779Z   DOCKER_METADATA_OUTPUT_BAKE_FILE: /home/runner/work/_temp/docker-actions-toolkit-19PflO/docker-metadata-action-bake.json
2024-12-15T01:21:16.8915390Z   GITHUB_ACTION_PATH: /home/runner/work/_actions/aquasecurity/trivy-action/0.28.0
2024-12-15T01:21:16.8915745Z ##[endgroup]
2024-12-15T01:21:16.9011655Z ##[group]Run # Note: There is currently no way to distinguish between undefined variables and empty strings in GitHub Actions.
2024-12-15T01:21:16.9012441Z [36;1m# Note: There is currently no way to distinguish between undefined variables and empty strings in GitHub Actions.[0m
2024-12-15T01:21:16.9013019Z [36;1m# This limitation affects how we handle default values and empty inputs.[0m
2024-12-15T01:21:16.9013493Z [36;1m# For more information, see: https://github.com/actions/runner/issues/924[0m
2024-12-15T01:21:16.9013910Z [36;1m[0m
2024-12-15T01:21:16.9014256Z [36;1m# Function to set environment variable only if the input is provided and different from default[0m
2024-12-15T01:21:16.9014676Z [36;1mset_env_var_if_provided() {[0m
2024-12-15T01:21:16.9014917Z [36;1m  local var_name="$1"[0m
2024-12-15T01:21:16.9015133Z [36;1m  local input_value="$2"[0m
2024-12-15T01:21:16.9015365Z [36;1m  local default_value="$3"[0m
2024-12-15T01:21:16.9015592Z [36;1m[0m
2024-12-15T01:21:16.9015844Z [36;1m  if [ ! -z "$input_value" ] && [ "$input_value" != "$default_value" ]; then[0m
2024-12-15T01:21:16.9016204Z [36;1m    echo "$var_name=$input_value" >> $GITHUB_ENV[0m
2024-12-15T01:21:16.9016469Z [36;1m  fi[0m
2024-12-15T01:21:16.9016635Z [36;1m}[0m
2024-12-15T01:21:16.9016791Z [36;1m[0m
2024-12-15T01:21:16.9017038Z [36;1m# Set environment variables, handling those with default values[0m
2024-12-15T01:21:16.9017567Z [36;1m# cf. https://aquasecurity.github.io/trivy/latest/docs/configuration/#environment-variables[0m
2024-12-15T01:21:16.9018045Z [36;1mset_env_var_if_provided "TRIVY_INPUT" "" ""[0m
2024-12-15T01:21:16.9018367Z [36;1mset_env_var_if_provided "TRIVY_EXIT_CODE" "" ""[0m
2024-12-15T01:21:16.9018720Z [36;1mset_env_var_if_provided "TRIVY_IGNORE_UNFIXED" "true" "false"[0m
2024-12-15T01:21:16.9019135Z [36;1mset_env_var_if_provided "TRIVY_PKG_TYPES" "os,library" "os,library"[0m
2024-12-15T01:21:16.9019642Z [36;1mset_env_var_if_provided "TRIVY_SEVERITY" "CRITICAL,HIGH" "UNKNOWN,LOW,MEDIUM,HIGH,CRITICAL"[0m
2024-12-15T01:21:16.9020125Z [36;1mset_env_var_if_provided "TRIVY_FORMAT" "table" "table"[0m
2024-12-15T01:21:16.9020662Z [36;1mset_env_var_if_provided "TRIVY_TEMPLATE" "" ""[0m
2024-12-15T01:21:16.9020978Z [36;1mset_env_var_if_provided "TRIVY_OUTPUT" "" ""[0m
2024-12-15T01:21:16.9021296Z [36;1mset_env_var_if_provided "TRIVY_SKIP_DIRS" "" ""[0m
2024-12-15T01:21:16.9021620Z [36;1mset_env_var_if_provided "TRIVY_SKIP_FILES" "" ""[0m
2024-12-15T01:21:16.9021932Z [36;1mset_env_var_if_provided "TRIVY_TIMEOUT" "" ""[0m
2024-12-15T01:21:16.9022259Z [36;1mset_env_var_if_provided "TRIVY_IGNORE_POLICY" "" ""[0m
2024-12-15T01:21:16.9022594Z [36;1mset_env_var_if_provided "TRIVY_QUIET" "" ""[0m
2024-12-15T01:21:16.9022940Z [36;1mset_env_var_if_provided "TRIVY_LIST_ALL_PKGS" "false" "false"[0m
2024-12-15T01:21:16.9023294Z [36;1mset_env_var_if_provided "TRIVY_SCANNERS" "" ""[0m
2024-12-15T01:21:16.9023601Z [36;1mset_env_var_if_provided "TRIVY_CONFIG" "" ""[0m
2024-12-15T01:21:16.9024051Z [36;1mset_env_var_if_provided "TRIVY_TF_VARS" "" ""[0m
2024-12-15T01:21:16.9024668Z [36;1mset_env_var_if_provided "TRIVY_DOCKER_HOST" "" ""[0m
2024-12-15T01:21:16.9074410Z shell: /usr/bin/bash --noprofile --norc -e -o pipefail {0}
2024-12-15T01:21:16.9074716Z env:
2024-12-15T01:21:16.9074881Z   REGISTRY: docker.io
2024-12-15T01:21:16.9075073Z   IMAGE_NAME: zadanie_2
2024-12-15T01:21:16.9075306Z   DOCKER_METADATA_OUTPUT_VERSION: sha-56ae470
2024-12-15T01:21:16.9075637Z   DOCKER_METADATA_OUTPUT_TAGS: likosik500/zadanie_2:sha-56ae470
2024-12-15T01:21:16.9077491Z   DOCKER_METADATA_OUTPUT_LABELS: org.opencontainers.image.created=2024-12-15T01:20:39.092Z
org.opencontainers.image.description=
org.opencontainers.image.licenses=
org.opencontainers.image.revision=56ae4708b2ef2eb1a0377740f8a2e47bc728109b
org.opencontainers.image.source=https://github.com/lukaszlikos/zadanie_2_dodatkowe
org.opencontainers.image.title=zadanie_2_dodatkowe
org.opencontainers.image.url=https://github.com/lukaszlikos/zadanie_2_dodatkowe
org.opencontainers.image.version=sha-56ae470
2024-12-15T01:21:16.9081048Z   DOCKER_METADATA_OUTPUT_ANNOTATIONS: manifest:org.opencontainers.image.created=2024-12-15T01:20:39.092Z
manifest:org.opencontainers.image.description=
manifest:org.opencontainers.image.licenses=
manifest:org.opencontainers.image.revision=56ae4708b2ef2eb1a0377740f8a2e47bc728109b
manifest:org.opencontainers.image.source=https://github.com/lukaszlikos/zadanie_2_dodatkowe
manifest:org.opencontainers.image.title=zadanie_2_dodatkowe
manifest:org.opencontainers.image.url=https://github.com/lukaszlikos/zadanie_2_dodatkowe
manifest:org.opencontainers.image.version=sha-56ae470
2024-12-15T01:21:16.9086544Z   DOCKER_METADATA_OUTPUT_JSON: {"tags":["likosik500/zadanie_2:sha-56ae470"],"labels":{"org.opencontainers.image.created":"2024-12-15T01:20:39.092Z","org.opencontainers.image.description":"","org.opencontainers.image.licenses":"","org.opencontainers.image.revision":"56ae4708b2ef2eb1a0377740f8a2e47bc728109b","org.opencontainers.image.source":"https://github.com/lukaszlikos/zadanie_2_dodatkowe","org.opencontainers.image.title":"zadanie_2_dodatkowe","org.opencontainers.image.url":"https://github.com/lukaszlikos/zadanie_2_dodatkowe","org.opencontainers.image.version":"sha-56ae470"},"annotations":["manifest:org.opencontainers.image.created=2024-12-15T01:20:39.092Z","manifest:org.opencontainers.image.description=","manifest:org.opencontainers.image.licenses=","manifest:org.opencontainers.image.revision=56ae4708b2ef2eb1a0377740f8a2e47bc728109b","manifest:org.opencontainers.image.source=https://github.com/lukaszlikos/zadanie_2_dodatkowe","manifest:org.opencontainers.image.title=zadanie_2_dodatkowe","manifest:org.opencontainers.image.url=https://github.com/lukaszlikos/zadanie_2_dodatkowe","manifest:org.opencontainers.image.version=sha-56ae470"]}
2024-12-15T01:21:16.9090776Z   DOCKER_METADATA_OUTPUT_BAKE_FILE_TAGS: /home/runner/work/_temp/docker-actions-toolkit-19PflO/docker-metadata-action-bake-tags.json
2024-12-15T01:21:16.9091635Z   DOCKER_METADATA_OUTPUT_BAKE_FILE_LABELS: /home/runner/work/_temp/docker-actions-toolkit-19PflO/docker-metadata-action-bake-labels.json
2024-12-15T01:21:16.9092736Z   DOCKER_METADATA_OUTPUT_BAKE_FILE_ANNOTATIONS: /home/runner/work/_temp/docker-actions-toolkit-19PflO/docker-metadata-action-bake-annotations.json
2024-12-15T01:21:16.9093591Z   DOCKER_METADATA_OUTPUT_BAKE_FILE: /home/runner/work/_temp/docker-actions-toolkit-19PflO/docker-metadata-action-bake.json
2024-12-15T01:21:16.9094091Z ##[endgroup]
2024-12-15T01:21:16.9187308Z ##[group]Run entrypoint.sh
2024-12-15T01:21:16.9187543Z [36;1mentrypoint.sh[0m
2024-12-15T01:21:16.9237291Z shell: /usr/bin/bash --noprofile --norc -e -o pipefail {0}
2024-12-15T01:21:16.9237612Z env:
2024-12-15T01:21:16.9237771Z   REGISTRY: docker.io
2024-12-15T01:21:16.9237977Z   IMAGE_NAME: zadanie_2
2024-12-15T01:21:16.9238205Z   DOCKER_METADATA_OUTPUT_VERSION: sha-56ae470
2024-12-15T01:21:16.9238535Z   DOCKER_METADATA_OUTPUT_TAGS: likosik500/zadanie_2:sha-56ae470
2024-12-15T01:21:16.9240567Z   DOCKER_METADATA_OUTPUT_LABELS: org.opencontainers.image.created=2024-12-15T01:20:39.092Z
org.opencontainers.image.description=
org.opencontainers.image.licenses=
org.opencontainers.image.revision=56ae4708b2ef2eb1a0377740f8a2e47bc728109b
org.opencontainers.image.source=https://github.com/lukaszlikos/zadanie_2_dodatkowe
org.opencontainers.image.title=zadanie_2_dodatkowe
org.opencontainers.image.url=https://github.com/lukaszlikos/zadanie_2_dodatkowe
org.opencontainers.image.version=sha-56ae470
2024-12-15T01:21:16.9244094Z   DOCKER_METADATA_OUTPUT_ANNOTATIONS: manifest:org.opencontainers.image.created=2024-12-15T01:20:39.092Z
manifest:org.opencontainers.image.description=
manifest:org.opencontainers.image.licenses=
manifest:org.opencontainers.image.revision=56ae4708b2ef2eb1a0377740f8a2e47bc728109b
manifest:org.opencontainers.image.source=https://github.com/lukaszlikos/zadanie_2_dodatkowe
manifest:org.opencontainers.image.title=zadanie_2_dodatkowe
manifest:org.opencontainers.image.url=https://github.com/lukaszlikos/zadanie_2_dodatkowe
manifest:org.opencontainers.image.version=sha-56ae470
2024-12-15T01:21:16.9249679Z   DOCKER_METADATA_OUTPUT_JSON: {"tags":["likosik500/zadanie_2:sha-56ae470"],"labels":{"org.opencontainers.image.created":"2024-12-15T01:20:39.092Z","org.opencontainers.image.description":"","org.opencontainers.image.licenses":"","org.opencontainers.image.revision":"56ae4708b2ef2eb1a0377740f8a2e47bc728109b","org.opencontainers.image.source":"https://github.com/lukaszlikos/zadanie_2_dodatkowe","org.opencontainers.image.title":"zadanie_2_dodatkowe","org.opencontainers.image.url":"https://github.com/lukaszlikos/zadanie_2_dodatkowe","org.opencontainers.image.version":"sha-56ae470"},"annotations":["manifest:org.opencontainers.image.created=2024-12-15T01:20:39.092Z","manifest:org.opencontainers.image.description=","manifest:org.opencontainers.image.licenses=","manifest:org.opencontainers.image.revision=56ae4708b2ef2eb1a0377740f8a2e47bc728109b","manifest:org.opencontainers.image.source=https://github.com/lukaszlikos/zadanie_2_dodatkowe","manifest:org.opencontainers.image.title=zadanie_2_dodatkowe","manifest:org.opencontainers.image.url=https://github.com/lukaszlikos/zadanie_2_dodatkowe","manifest:org.opencontainers.image.version=sha-56ae470"]}
2024-12-15T01:21:16.9253891Z   DOCKER_METADATA_OUTPUT_BAKE_FILE_TAGS: /home/runner/work/_temp/docker-actions-toolkit-19PflO/docker-metadata-action-bake-tags.json
2024-12-15T01:21:16.9254759Z   DOCKER_METADATA_OUTPUT_BAKE_FILE_LABELS: /home/runner/work/_temp/docker-actions-toolkit-19PflO/docker-metadata-action-bake-labels.json
2024-12-15T01:21:16.9255666Z   DOCKER_METADATA_OUTPUT_BAKE_FILE_ANNOTATIONS: /home/runner/work/_temp/docker-actions-toolkit-19PflO/docker-metadata-action-bake-annotations.json
2024-12-15T01:21:16.9256524Z   DOCKER_METADATA_OUTPUT_BAKE_FILE: /home/runner/work/_temp/docker-actions-toolkit-19PflO/docker-metadata-action-bake.json
2024-12-15T01:21:16.9257035Z   TRIVY_IGNORE_UNFIXED: true
2024-12-15T01:21:16.9257261Z   TRIVY_SEVERITY: CRITICAL,HIGH
2024-12-15T01:21:16.9257482Z   INPUT_SCAN_TYPE: image
2024-12-15T01:21:16.9257717Z   INPUT_IMAGE_REF: likosik500/zadanie_2:sha-56ae470
2024-12-15T01:21:16.9258144Z   INPUT_SCAN_REF: .
2024-12-15T01:21:16.9258322Z   INPUT_TRIVYIGNORES: 
2024-12-15T01:21:16.9258514Z   INPUT_GITHUB_PAT: 
2024-12-15T01:21:16.9258717Z   INPUT_LIMIT_SEVERITIES_FOR_SARIF: 
2024-12-15T01:21:16.9259105Z   TRIVY_CACHE_DIR: /home/runner/work/zadanie_2_dodatkowe/zadanie_2_dodatkowe/.cache/trivy
2024-12-15T01:21:16.9259494Z ##[endgroup]
2024-12-15T01:21:16.9346888Z Running Trivy with options: trivy image likosik500/zadanie_2:sha-56ae470
2024-12-15T01:21:16.9903636Z 2024-12-15T01:21:16Z	INFO	[vulndb] Need to update DB
2024-12-15T01:21:16.9904650Z 2024-12-15T01:21:16Z	INFO	[vulndb] Downloading vulnerability DB...
2024-12-15T01:21:16.9905507Z 2024-12-15T01:21:16Z	INFO	[vulndb] Downloading artifact...	repo="ghcr.io/aquasecurity/trivy-db:2"
2024-12-15T01:21:19.2141665Z 57.60 MiB / 57.60 MiB [----------------------------------------------------------->] 100.00% ? p/s ?57.60 MiB / 57.60 MiB [----------------------------------------------------------->] 100.00% ? p/s ?57.60 MiB / 57.60 MiB [----------------------------------------------------------->] 100.00% ? p/s ?57.60 MiB / 57.60 MiB [----------------------------------------------------------->] 100.00% ? p/s ?57.60 MiB / 57.60 MiB [----------------------------------------------------------->] 100.00% ? p/s ?57.60 MiB / 57.60 MiB [----------------------------------------------------------->] 100.00% ? p/s ?57.60 MiB / 57.60 MiB [----------------------------------------------------------->] 100.00% ? p/s ?57.60 MiB / 57.60 MiB [----------------------------------------------------------->] 100.00% ? p/s ?57.60 MiB / 57.60 MiB [----------------------------------------------------------->] 100.00% ? p/s ?57.60 MiB / 57.60 MiB [----------------------------------------------------------->] 100.00% ? p/s ?57.60 MiB / 57.60 MiB [-------------------------------------------------] 100.00% 30.59 MiB p/s 2.1s2024-12-15T01:21:19Z	INFO	[vulndb] Artifact successfully downloaded	repo="ghcr.io/aquasecurity/trivy-db:2"
2024-12-15T01:21:19.2145527Z 2024-12-15T01:21:19Z	INFO	[vuln] Vulnerability scanning is enabled
2024-12-15T01:21:19.2146138Z 2024-12-15T01:21:19Z	INFO	[secret] Secret scanning is enabled
2024-12-15T01:21:19.2147032Z 2024-12-15T01:21:19Z	INFO	[secret] If your scanning is slow, please try '--scanners vuln' to disable secret scanning
2024-12-15T01:21:19.2148276Z 2024-12-15T01:21:19Z	INFO	[secret] Please see also https://aquasecurity.github.io/trivy/v0.56/docs/scanner/secret#recommendation for faster secret detection
2024-12-15T01:21:20.5727554Z 2024-12-15T01:21:20Z	INFO	Detected OS	family="alpine" version="3.21.0"
2024-12-15T01:21:20.5728121Z 2024-12-15T01:21:20Z	WARN	This OS version is not on the EOL list	family="alpine" version="3.21"
2024-12-15T01:21:20.5728718Z 2024-12-15T01:21:20Z	INFO	[alpine] Detecting vulnerabilities...	os_version="3.21" repository="3.21" pkg_num=17
2024-12-15T01:21:20.5740773Z 2024-12-15T01:21:20Z	INFO	Number of language-specific files	num=1
2024-12-15T01:21:20.5741636Z 2024-12-15T01:21:20Z	INFO	[node-pkg] Detecting vulnerabilities...
2024-12-15T01:21:20.5780668Z 2024-12-15T01:21:20Z	INFO	Table result includes only package filenames. Use '--format json' option to get the full path to the package file.
2024-12-15T01:21:20.5781521Z 
2024-12-15T01:21:20.5781672Z For OSS Maintainers: VEX Notice
2024-12-15T01:21:20.5782047Z --------------------------------
2024-12-15T01:21:20.5783358Z If you're an OSS maintainer and Trivy has detected vulnerabilities in your project that you believe are not actually exploitable, consider issuing a VEX (Vulnerability Exploitability eXchange) statement.
2024-12-15T01:21:20.5785571Z VEX allows you to communicate the actual status of vulnerabilities in your project, improving security transparency and reducing false positives for your users.
2024-12-15T01:21:20.5787204Z Learn more and start using VEX: https://aquasecurity.github.io/trivy/v0.56/docs/supply-chain/vex/repo#publishing-vex-documents
2024-12-15T01:21:20.5788017Z 
2024-12-15T01:21:20.5788343Z To disable this notice, set the TRIVY_DISABLE_VEX_NOTICE environment variable.
2024-12-15T01:21:20.5789182Z 
2024-12-15T01:21:20.5789188Z 
2024-12-15T01:21:20.5789372Z likosik500/zadanie_2:sha-56ae470 (alpine 3.21.0)
2024-12-15T01:21:20.5789837Z ================================================
2024-12-15T01:21:20.5790256Z Total: 0 (HIGH: 0, CRITICAL: 0)
2024-12-15T01:21:20.5790503Z 
2024-12-15T01:21:20.5796448Z 
2024-12-15T01:21:20.5796741Z Node.js (node-pkg)
2024-12-15T01:21:20.5797057Z ==================
2024-12-15T01:21:20.5797365Z Total: 1 (HIGH: 1, CRITICAL: 0)
2024-12-15T01:21:20.5797608Z 
2024-12-15T01:21:20.5798415Z ┌────────────────────────────┬────────────────┬──────────┬────────┬───────────────────┬───────────────┬───────────────────────────────────────────────────┐
2024-12-15T01:21:20.5799712Z │          Library           │ Vulnerability  │ Severity │ Status │ Installed Version │ Fixed Version │                       Title                       │
2024-12-15T01:21:20.5801451Z ├────────────────────────────┼────────────────┼──────────┼────────┼───────────────────┼───────────────┼───────────────────────────────────────────────────┤
2024-12-15T01:21:20.5802731Z │ cross-spawn (package.json) │ CVE-2024-21538 │ HIGH     │ fixed  │ 7.0.3             │ 7.0.5, 6.0.6  │ cross-spawn: regular expression denial of service │
2024-12-15T01:21:20.5803948Z │                            │                │          │        │                   │               │ https://avd.aquasec.com/nvd/cve-2024-21538        │
2024-12-15T01:21:20.5805090Z └────────────────────────────┴────────────────┴──────────┴────────┴───────────────────┴───────────────┴───────────────────────────────────────────────────┘
